// Jest Snapshot v1, https://goo.gl/fbAQLP

exports[`renders 1`] = `
<DocumentFragment>
  <div>
    Â£2.00
  </div>
</DocumentFragment>
`;
