// Jest Snapshot v1, https://goo.gl/fbAQLP

exports[`matches snapshot 1`] = `
<DocumentFragment>
  <div>
    <div
      class="Topbar__StyledTopbar-sc-15dzr1y-0 bDFGVI"
    >
      <ul>
        <li>
          <a
            href="/support"
          >
            Support
          </a>
        </li>
        <li>
          <a
            href="/contact"
          >
            Contact
          </a>
        </li>
        <li>
          <a
            href="/signin"
          >
            Sign in
          </a>
        </li>
      </ul>
    </div>
    <div
      class="Header__StyledMiddleBar-sc-1s2mubi-0 dFWmpV"
    >
      <h1
        class="Header__Logo-sc-1s2mubi-1 EVsmK"
      >
        <a
          href="/"
        >
          Shop
        </a>
      </h1>
      <div
        class="Search__StyledSearch-sexg82-0 pceGo"
      >
        <input
          placeholder="Search"
          type="text"
        />
      </div>
      <ul
        class="Actions__StyledActions-sc-1fjdd5g-0 jCVbsb"
      >
        <li>
          <a
            href="/sell"
          >
            Sell
          </a>
        </li>
        <li>
          <a
            href="/account"
          >
            Account
          </a>
        </li>
      </ul>
      <div>
        Â£2.00
      </div>
    </div>
  </div>
</DocumentFragment>
`;
