// Jest Snapshot v1, https://goo.gl/fbAQLP

exports[`renders learn react link 1`] = `
<h1
  class="pages__Title-lgoza8-0 ciPgzw"
>
  My page
</h1>
`;
