// Jest Snapshot v1, https://goo.gl/fbAQLP

exports[`renders 1`] = `
<DocumentFragment>
  <div
    class="StyledSearch-m4yy8y-0 cytWFA"
  >
    <input
      placeholder="Search"
      type="text"
    />
  </div>
</DocumentFragment>
`;
